// Jest Snapshot v1, https://goo.gl/fbAQLP

exports[`Login screen renders correctly 1`] = `
<View
  onLayout={[Function]}
  style={
    [
      {
        "backgroundColor": "#2A2A2A",
        "flex": 1,
        "flexGrow": 1,
      },
      {
        "paddingBottom": 0,
      },
    ]
  }
>
  <RCTScrollView
    collapsable={false}
    handlerTag={6}
    handlerType="NativeViewGestureHandler"
    onGestureHandlerEvent={[Function]}
    onGestureHandlerStateChange={[Function]}
    style={
      {
        "backgroundColor": "white",
        "flex": 1,
      }
    }
    waitFor={
      [
        {
          "current": null,
        },
      ]
    }
  >
    <View>
      <View>
        <View
          style={
            {
              "width": "100%",
            }
          }
        >
          <Image
            source={1}
            style={
              {
                "marginBottom": 16,
                "width": "100%",
              }
            }
          />
        </View>
        <View
          style={
            {
              "marginTop": 40,
              "paddingHorizontal": 16,
            }
          }
        >
          <View>
            <View
              style={
                {
                  "width": "100%",
                }
              }
            >
              <Text
                style={
                  {
                    "color": "#2A2A2A",
                    "fontFamily": "Poppins-Regular",
                    "fontSize": 14,
                    "marginBottom": 4,
                  }
                }
              >
                E-mail
              </Text>
              <TextInput
                keyboardType="email-address"
                onBlur={[Function]}
                onChangeText={[Function]}
                placeholder="Ex: email@email.com"
                placeholderTextColor="#BBBBBB"
                secureTextEntry={false}
                style={
                  [
                    {
                      "backgroundColor": "white",
                      "borderColor": "#2A2A2A",
                      "borderRadius": 5,
                      "borderWidth": 1,
                      "color": "#2A2A2A",
                      "fontFamily": "Poppins-Regular",
                      "fontSize": 16,
                      "padding": 16,
                    },
                    false,
                  ]
                }
              />
            </View>
          </View>
          <View
            style={
              {
                "marginTop": 16,
              }
            }
          >
            <View
              style={
                {
                  "width": "100%",
                }
              }
            >
              <Text
                style={
                  {
                    "color": "#2A2A2A",
                    "fontFamily": "Poppins-Regular",
                    "fontSize": 14,
                    "marginBottom": 4,
                  }
                }
              >
                Senha
              </Text>
              <TextInput
                keyboardType="default"
                onBlur={[Function]}
                onChangeText={[Function]}
                placeholder="Ex: •••••••••••"
                placeholderTextColor="#BBBBBB"
                secureTextEntry={true}
                style={
                  [
                    {
                      "backgroundColor": "white",
                      "borderColor": "#2A2A2A",
                      "borderRadius": 5,
                      "borderWidth": 1,
                      "color": "#2A2A2A",
                      "fontFamily": "Poppins-Regular",
                      "fontSize": 16,
                      "padding": 16,
                    },
                    false,
                  ]
                }
              />
            </View>
          </View>
          <View
            style={
              {
                "marginTop": 32,
              }
            }
          >
            <View
              accessibilityState={
                {
                  "busy": undefined,
                  "checked": undefined,
                  "disabled": false,
                  "expanded": undefined,
                  "selected": undefined,
                }
              }
              accessibilityValue={
                {
                  "max": undefined,
                  "min": undefined,
                  "now": undefined,
                  "text": undefined,
                }
              }
              accessible={true}
              collapsable={false}
              focusable={true}
              onBlur={[Function]}
              onClick={[Function]}
              onFocus={[Function]}
              onResponderGrant={[Function]}
              onResponderMove={[Function]}
              onResponderRelease={[Function]}
              onResponderTerminate={[Function]}
              onResponderTerminationRequest={[Function]}
              onStartShouldSetResponder={[Function]}
              style={
                [
                  {
                    "alignItems": "center",
                    "backgroundColor": "#2A2A2A",
                    "borderRadius": 4,
                    "justifyContent": "center",
                    "paddingVertical": 16,
                    "width": "100%",
                  },
                  false,
                  false,
                ]
              }
            >
              <Text
                style={
                  {
                    "color": "#FFFFFF",
                    "fontFamily": "Poppins-Regular",
                    "fontSize": 16,
                  }
                }
              >
                Entrar
              </Text>
            </View>
          </View>
          <View
            style={
              {
                "alignItems": "center",
                "marginTop": 24,
              }
            }
          >
            <View
              accessibilityState={
                {
                  "busy": undefined,
                  "checked": undefined,
                  "disabled": undefined,
                  "expanded": undefined,
                  "selected": undefined,
                }
              }
              accessibilityValue={
                {
                  "max": undefined,
                  "min": undefined,
                  "now": undefined,
                  "text": undefined,
                }
              }
              accessible={true}
              collapsable={false}
              focusable={true}
              onClick={[Function]}
              onResponderGrant={[Function]}
              onResponderMove={[Function]}
              onResponderRelease={[Function]}
              onResponderTerminate={[Function]}
              onResponderTerminationRequest={[Function]}
              onStartShouldSetResponder={[Function]}
              style={
                {
                  "opacity": 1,
                }
              }
            >
              <Text
                style={
                  {
                    "color": "#2A2A2A",
                    "fontFamily": "Poppins-Regular",
                    "fontSize": 16,
                  }
                }
              >
                Esqueci minha senha
              </Text>
            </View>
          </View>
        </View>
      </View>
    </View>
  </RCTScrollView>
</View>
`;
