// Jest Snapshot v1, https://goo.gl/fbAQLP

exports[`Checkbox Component Renders correctly Checkbox 1`] = `
<View
  testID="checkbox_testID"
>
  <View
    accessibilityState={
      {
        "busy": undefined,
        "checked": undefined,
        "disabled": false,
        "expanded": undefined,
        "selected": undefined,
      }
    }
    accessibilityValue={
      {
        "max": undefined,
        "min": undefined,
        "now": undefined,
        "text": undefined,
      }
    }
    accessible={true}
    collapsable={false}
    focusable={true}
    onClick={[Function]}
    onResponderGrant={[Function]}
    onResponderMove={[Function]}
    onResponderRelease={[Function]}
    onResponderTerminate={[Function]}
    onResponderTerminationRequest={[Function]}
    onStartShouldSetResponder={[Function]}
    style={
      {
        "alignItems": "center",
        "flexDirection": "row",
        "gap": 8,
        "opacity": 1,
      }
    }
    testID="checkbox_testID_touchable"
  >
    <View
      style={
        [
          {
            "alignItems": "center",
            "borderColor": "#444444",
            "borderRadius": 2,
            "borderWidth": 1,
            "height": 24,
            "justifyContent": "center",
            "width": 24,
          },
          undefined,
        ]
      }
    />
    <Text
      style={
        {
          "fontFamily": "Poppins-Regular",
        }
      }
    >
      Teste label
    </Text>
  </View>
</View>
`;
