// Jest Snapshot v1, https://goo.gl/fbAQLP

exports[`FibonacciSequence Component Renders correctly Accordion 1`] = `
<View>
  <View>
    <Text
      style={
        {
          "color": "#2A2A2A",
          "fontFamily": "Poppins-Regular",
          "fontSize": 14,
          "marginBottom": 4,
        }
      }
    >
      Story points
    </Text>
  </View>
  <View
    style={
      {
        "alignItems": "center",
        "flexDirection": "row",
        "flexWrap": "wrap",
        "gap": 8,
      }
    }
  >
    <View
      accessibilityState={
        {
          "busy": undefined,
          "checked": undefined,
          "disabled": undefined,
          "expanded": undefined,
          "selected": undefined,
        }
      }
      accessibilityValue={
        {
          "max": undefined,
          "min": undefined,
          "now": undefined,
          "text": undefined,
        }
      }
      accessible={true}
      collapsable={false}
      focusable={true}
      onClick={[Function]}
      onResponderGrant={[Function]}
      onResponderMove={[Function]}
      onResponderRelease={[Function]}
      onResponderTerminate={[Function]}
      onResponderTerminationRequest={[Function]}
      onStartShouldSetResponder={[Function]}
      style={
        {
          "opacity": 1,
        }
      }
    >
      <View
        style={
          [
            {
              "alignItems": "center",
              "backgroundColor": "#444444",
              "borderRadius": 20,
              "height": 40,
              "justifyContent": "center",
              "width": 40,
            },
          ]
        }
      >
        <Text
          style={
            {
              "color": "#FFFFFF",
            }
          }
        >
          1
        </Text>
      </View>
    </View>
    <View
      accessibilityState={
        {
          "busy": undefined,
          "checked": undefined,
          "disabled": undefined,
          "expanded": undefined,
          "selected": undefined,
        }
      }
      accessibilityValue={
        {
          "max": undefined,
          "min": undefined,
          "now": undefined,
          "text": undefined,
        }
      }
      accessible={true}
      collapsable={false}
      focusable={true}
      onClick={[Function]}
      onResponderGrant={[Function]}
      onResponderMove={[Function]}
      onResponderRelease={[Function]}
      onResponderTerminate={[Function]}
      onResponderTerminationRequest={[Function]}
      onStartShouldSetResponder={[Function]}
      style={
        {
          "opacity": 1,
        }
      }
    >
      <View
        style={
          [
            {
              "alignItems": "center",
              "backgroundColor": "#DBDBDB",
              "borderRadius": 20,
              "height": 40,
              "justifyContent": "center",
              "width": 40,
            },
          ]
        }
      >
        <Text
          style={
            {
              "color": "#000000",
            }
          }
        >
          2
        </Text>
      </View>
    </View>
    <View
      accessibilityState={
        {
          "busy": undefined,
          "checked": undefined,
          "disabled": undefined,
          "expanded": undefined,
          "selected": undefined,
        }
      }
      accessibilityValue={
        {
          "max": undefined,
          "min": undefined,
          "now": undefined,
          "text": undefined,
        }
      }
      accessible={true}
      collapsable={false}
      focusable={true}
      onClick={[Function]}
      onResponderGrant={[Function]}
      onResponderMove={[Function]}
      onResponderRelease={[Function]}
      onResponderTerminate={[Function]}
      onResponderTerminationRequest={[Function]}
      onStartShouldSetResponder={[Function]}
      style={
        {
          "opacity": 1,
        }
      }
    >
      <View
        style={
          [
            {
              "alignItems": "center",
              "backgroundColor": "#DBDBDB",
              "borderRadius": 20,
              "height": 40,
              "justifyContent": "center",
              "width": 40,
            },
          ]
        }
      >
        <Text
          style={
            {
              "color": "#000000",
            }
          }
        >
          3
        </Text>
      </View>
    </View>
    <View
      accessibilityState={
        {
          "busy": undefined,
          "checked": undefined,
          "disabled": undefined,
          "expanded": undefined,
          "selected": undefined,
        }
      }
      accessibilityValue={
        {
          "max": undefined,
          "min": undefined,
          "now": undefined,
          "text": undefined,
        }
      }
      accessible={true}
      collapsable={false}
      focusable={true}
      onClick={[Function]}
      onResponderGrant={[Function]}
      onResponderMove={[Function]}
      onResponderRelease={[Function]}
      onResponderTerminate={[Function]}
      onResponderTerminationRequest={[Function]}
      onStartShouldSetResponder={[Function]}
      style={
        {
          "opacity": 1,
        }
      }
    >
      <View
        style={
          [
            {
              "alignItems": "center",
              "backgroundColor": "#DBDBDB",
              "borderRadius": 20,
              "height": 40,
              "justifyContent": "center",
              "width": 40,
            },
          ]
        }
      >
        <Text
          style={
            {
              "color": "#000000",
            }
          }
        >
          5
        </Text>
      </View>
    </View>
    <View
      accessibilityState={
        {
          "busy": undefined,
          "checked": undefined,
          "disabled": undefined,
          "expanded": undefined,
          "selected": undefined,
        }
      }
      accessibilityValue={
        {
          "max": undefined,
          "min": undefined,
          "now": undefined,
          "text": undefined,
        }
      }
      accessible={true}
      collapsable={false}
      focusable={true}
      onClick={[Function]}
      onResponderGrant={[Function]}
      onResponderMove={[Function]}
      onResponderRelease={[Function]}
      onResponderTerminate={[Function]}
      onResponderTerminationRequest={[Function]}
      onStartShouldSetResponder={[Function]}
      style={
        {
          "opacity": 1,
        }
      }
    >
      <View
        style={
          [
            {
              "alignItems": "center",
              "backgroundColor": "#DBDBDB",
              "borderRadius": 20,
              "height": 40,
              "justifyContent": "center",
              "width": 40,
            },
          ]
        }
      >
        <Text
          style={
            {
              "color": "#000000",
            }
          }
        >
          8
        </Text>
      </View>
    </View>
  </View>
</View>
`;
